// Jest Snapshot v1, https://goo.gl/fbAQLP

exports[`Should render list view properly 1`] = `
ShallowWrapper {
  "length": 1,
  Symbol(enzyme.__root__): [Circular],
  Symbol(enzyme.__unrendered__): <CourseListRow
    fieldsDefinition={Object {}}
    item={
        Object {
            "author": "Russia Ban",
            "category": 3,
            "id": 1,
            "name": "The Syberia Story",
            "page": 456,
          }
    }
/>,
  Symbol(enzyme.__renderer__): Object {
    "batchedUpdates": [Function],
    "getNode": [Function],
    "render": [Function],
    "simulateEvent": [Function],
    "unmount": [Function],
  },
  Symbol(enzyme.__node__): Object {
    "instance": null,
    "key": undefined,
    "nodeType": "host",
    "props": Object {
      "children": Array [
        <td>
          <NavLink
                    activeClassName="active"
                    ariaCurrent="true"
                    to="/undefined/view/1"
          >
                    <span
                              className="text-success glyphicon glyphicon-file"
                    />
          </NavLink>
          |
          <NavLink
                    activeClassName="active"
                    ariaCurrent="true"
                    to="/undefined/modify/1"
          >
                    <span
                              className="text-warning glyphicon glyphicon-edit"
                    />
          </NavLink>
          |
          <NavLink
                    activeClassName="active"
                    ariaCurrent="true"
                    to="/undefined/delete/1"
          >
                    <span
                              className="text-danger glyphicon glyphicon-trash"
                    />
          </NavLink>
</td>,
        Array [],
      ],
    },
    "ref": null,
    "rendered": Array [
      Object {
        "instance": null,
        "key": undefined,
        "nodeType": "host",
        "props": Object {
          "children": Array [
            <NavLink
              activeClassName="active"
              ariaCurrent="true"
              to="/undefined/view/1"
>
              <span
                            className="text-success glyphicon glyphicon-file"
              />
</NavLink>,
            "|",
            <NavLink
              activeClassName="active"
              ariaCurrent="true"
              to="/undefined/modify/1"
>
              <span
                            className="text-warning glyphicon glyphicon-edit"
              />
</NavLink>,
            "|",
            <NavLink
              activeClassName="active"
              ariaCurrent="true"
              to="/undefined/delete/1"
>
              <span
                            className="text-danger glyphicon glyphicon-trash"
              />
</NavLink>,
          ],
        },
        "ref": null,
        "rendered": Array [
          Object {
            "instance": null,
            "key": undefined,
            "nodeType": "function",
            "props": Object {
              "activeClassName": "active",
              "ariaCurrent": "true",
              "children": <span
                className="text-success glyphicon glyphicon-file"
/>,
              "to": "/undefined/view/1",
            },
            "ref": null,
            "rendered": Object {
              "instance": null,
              "key": undefined,
              "nodeType": "host",
              "props": Object {
                "className": "text-success glyphicon glyphicon-file",
              },
              "ref": null,
              "rendered": null,
              "type": "span",
            },
            "type": [Function],
          },
          "|",
          Object {
            "instance": null,
            "key": undefined,
            "nodeType": "function",
            "props": Object {
              "activeClassName": "active",
              "ariaCurrent": "true",
              "children": <span
                className="text-warning glyphicon glyphicon-edit"
/>,
              "to": "/undefined/modify/1",
            },
            "ref": null,
            "rendered": Object {
              "instance": null,
              "key": undefined,
              "nodeType": "host",
              "props": Object {
                "className": "text-warning glyphicon glyphicon-edit",
              },
              "ref": null,
              "rendered": null,
              "type": "span",
            },
            "type": [Function],
          },
          "|",
          Object {
            "instance": null,
            "key": undefined,
            "nodeType": "function",
            "props": Object {
              "activeClassName": "active",
              "ariaCurrent": "true",
              "children": <span
                className="text-danger glyphicon glyphicon-trash"
/>,
              "to": "/undefined/delete/1",
            },
            "ref": null,
            "rendered": Object {
              "instance": null,
              "key": undefined,
              "nodeType": "host",
              "props": Object {
                "className": "text-danger glyphicon glyphicon-trash",
              },
              "ref": null,
              "rendered": null,
              "type": "span",
            },
            "type": [Function],
          },
        ],
        "type": "td",
      },
    ],
    "type": "tr",
  },
  Symbol(enzyme.__nodes__): Array [
    Object {
      "instance": null,
      "key": undefined,
      "nodeType": "host",
      "props": Object {
        "children": Array [
          <td>
            <NavLink
                        activeClassName="active"
                        ariaCurrent="true"
                        to="/undefined/view/1"
            >
                        <span
                                    className="text-success glyphicon glyphicon-file"
                        />
            </NavLink>
            |
            <NavLink
                        activeClassName="active"
                        ariaCurrent="true"
                        to="/undefined/modify/1"
            >
                        <span
                                    className="text-warning glyphicon glyphicon-edit"
                        />
            </NavLink>
            |
            <NavLink
                        activeClassName="active"
                        ariaCurrent="true"
                        to="/undefined/delete/1"
            >
                        <span
                                    className="text-danger glyphicon glyphicon-trash"
                        />
            </NavLink>
</td>,
          Array [],
        ],
      },
      "ref": null,
      "rendered": Array [
        Object {
          "instance": null,
          "key": undefined,
          "nodeType": "host",
          "props": Object {
            "children": Array [
              <NavLink
                activeClassName="active"
                ariaCurrent="true"
                to="/undefined/view/1"
>
                <span
                                className="text-success glyphicon glyphicon-file"
                />
</NavLink>,
              "|",
              <NavLink
                activeClassName="active"
                ariaCurrent="true"
                to="/undefined/modify/1"
>
                <span
                                className="text-warning glyphicon glyphicon-edit"
                />
</NavLink>,
              "|",
              <NavLink
                activeClassName="active"
                ariaCurrent="true"
                to="/undefined/delete/1"
>
                <span
                                className="text-danger glyphicon glyphicon-trash"
                />
</NavLink>,
            ],
          },
          "ref": null,
          "rendered": Array [
            Object {
              "instance": null,
              "key": undefined,
              "nodeType": "function",
              "props": Object {
                "activeClassName": "active",
                "ariaCurrent": "true",
                "children": <span
                  className="text-success glyphicon glyphicon-file"
/>,
                "to": "/undefined/view/1",
              },
              "ref": null,
              "rendered": Object {
                "instance": null,
                "key": undefined,
                "nodeType": "host",
                "props": Object {
                  "className": "text-success glyphicon glyphicon-file",
                },
                "ref": null,
                "rendered": null,
                "type": "span",
              },
              "type": [Function],
            },
            "|",
            Object {
              "instance": null,
              "key": undefined,
              "nodeType": "function",
              "props": Object {
                "activeClassName": "active",
                "ariaCurrent": "true",
                "children": <span
                  className="text-warning glyphicon glyphicon-edit"
/>,
                "to": "/undefined/modify/1",
              },
              "ref": null,
              "rendered": Object {
                "instance": null,
                "key": undefined,
                "nodeType": "host",
                "props": Object {
                  "className": "text-warning glyphicon glyphicon-edit",
                },
                "ref": null,
                "rendered": null,
                "type": "span",
              },
              "type": [Function],
            },
            "|",
            Object {
              "instance": null,
              "key": undefined,
              "nodeType": "function",
              "props": Object {
                "activeClassName": "active",
                "ariaCurrent": "true",
                "children": <span
                  className="text-danger glyphicon glyphicon-trash"
/>,
                "to": "/undefined/delete/1",
              },
              "ref": null,
              "rendered": Object {
                "instance": null,
                "key": undefined,
                "nodeType": "host",
                "props": Object {
                  "className": "text-danger glyphicon glyphicon-trash",
                },
                "ref": null,
                "rendered": null,
                "type": "span",
              },
              "type": [Function],
            },
          ],
          "type": "td",
        },
      ],
      "type": "tr",
    },
  ],
  Symbol(enzyme.__options__): Object {
    "adapter": ReactSixteenAdapter {
      "options": Object {
        "enableComponentDidUpdateOnSetState": true,
      },
    },
  },
}
`;

exports[`Should render list view row properly 1`] = `
ShallowWrapper {
  "length": 1,
  Symbol(enzyme.__root__): [Circular],
  Symbol(enzyme.__unrendered__): <CourseListRow
    fieldsDefinition={Object {}}
    item={
        Object {
            "author": "Russia Ban",
            "category": 3,
            "id": 1,
            "name": "The Syberia Story",
            "page": 456,
          }
    }
/>,
  Symbol(enzyme.__renderer__): Object {
    "batchedUpdates": [Function],
    "getNode": [Function],
    "render": [Function],
    "simulateEvent": [Function],
    "unmount": [Function],
  },
  Symbol(enzyme.__node__): Object {
    "instance": null,
    "key": undefined,
    "nodeType": "host",
    "props": Object {
      "children": Array [
        <td>
          <NavLink
                    activeClassName="active"
                    ariaCurrent="true"
                    to="/undefined/view/1"
          >
                    <span
                              className="text-success glyphicon glyphicon-file"
                    />
          </NavLink>
          |
          <NavLink
                    activeClassName="active"
                    ariaCurrent="true"
                    to="/undefined/modify/1"
          >
                    <span
                              className="text-warning glyphicon glyphicon-edit"
                    />
          </NavLink>
          |
          <NavLink
                    activeClassName="active"
                    ariaCurrent="true"
                    to="/undefined/delete/1"
          >
                    <span
                              className="text-danger glyphicon glyphicon-trash"
                    />
          </NavLink>
</td>,
        Array [],
      ],
    },
    "ref": null,
    "rendered": Array [
      Object {
        "instance": null,
        "key": undefined,
        "nodeType": "host",
        "props": Object {
          "children": Array [
            <NavLink
              activeClassName="active"
              ariaCurrent="true"
              to="/undefined/view/1"
>
              <span
                            className="text-success glyphicon glyphicon-file"
              />
</NavLink>,
            "|",
            <NavLink
              activeClassName="active"
              ariaCurrent="true"
              to="/undefined/modify/1"
>
              <span
                            className="text-warning glyphicon glyphicon-edit"
              />
</NavLink>,
            "|",
            <NavLink
              activeClassName="active"
              ariaCurrent="true"
              to="/undefined/delete/1"
>
              <span
                            className="text-danger glyphicon glyphicon-trash"
              />
</NavLink>,
          ],
        },
        "ref": null,
        "rendered": Array [
          Object {
            "instance": null,
            "key": undefined,
            "nodeType": "function",
            "props": Object {
              "activeClassName": "active",
              "ariaCurrent": "true",
              "children": <span
                className="text-success glyphicon glyphicon-file"
/>,
              "to": "/undefined/view/1",
            },
            "ref": null,
            "rendered": Object {
              "instance": null,
              "key": undefined,
              "nodeType": "host",
              "props": Object {
                "className": "text-success glyphicon glyphicon-file",
              },
              "ref": null,
              "rendered": null,
              "type": "span",
            },
            "type": [Function],
          },
          "|",
          Object {
            "instance": null,
            "key": undefined,
            "nodeType": "function",
            "props": Object {
              "activeClassName": "active",
              "ariaCurrent": "true",
              "children": <span
                className="text-warning glyphicon glyphicon-edit"
/>,
              "to": "/undefined/modify/1",
            },
            "ref": null,
            "rendered": Object {
              "instance": null,
              "key": undefined,
              "nodeType": "host",
              "props": Object {
                "className": "text-warning glyphicon glyphicon-edit",
              },
              "ref": null,
              "rendered": null,
              "type": "span",
            },
            "type": [Function],
          },
          "|",
          Object {
            "instance": null,
            "key": undefined,
            "nodeType": "function",
            "props": Object {
              "activeClassName": "active",
              "ariaCurrent": "true",
              "children": <span
                className="text-danger glyphicon glyphicon-trash"
/>,
              "to": "/undefined/delete/1",
            },
            "ref": null,
            "rendered": Object {
              "instance": null,
              "key": undefined,
              "nodeType": "host",
              "props": Object {
                "className": "text-danger glyphicon glyphicon-trash",
              },
              "ref": null,
              "rendered": null,
              "type": "span",
            },
            "type": [Function],
          },
        ],
        "type": "td",
      },
    ],
    "type": "tr",
  },
  Symbol(enzyme.__nodes__): Array [
    Object {
      "instance": null,
      "key": undefined,
      "nodeType": "host",
      "props": Object {
        "children": Array [
          <td>
            <NavLink
                        activeClassName="active"
                        ariaCurrent="true"
                        to="/undefined/view/1"
            >
                        <span
                                    className="text-success glyphicon glyphicon-file"
                        />
            </NavLink>
            |
            <NavLink
                        activeClassName="active"
                        ariaCurrent="true"
                        to="/undefined/modify/1"
            >
                        <span
                                    className="text-warning glyphicon glyphicon-edit"
                        />
            </NavLink>
            |
            <NavLink
                        activeClassName="active"
                        ariaCurrent="true"
                        to="/undefined/delete/1"
            >
                        <span
                                    className="text-danger glyphicon glyphicon-trash"
                        />
            </NavLink>
</td>,
          Array [],
        ],
      },
      "ref": null,
      "rendered": Array [
        Object {
          "instance": null,
          "key": undefined,
          "nodeType": "host",
          "props": Object {
            "children": Array [
              <NavLink
                activeClassName="active"
                ariaCurrent="true"
                to="/undefined/view/1"
>
                <span
                                className="text-success glyphicon glyphicon-file"
                />
</NavLink>,
              "|",
              <NavLink
                activeClassName="active"
                ariaCurrent="true"
                to="/undefined/modify/1"
>
                <span
                                className="text-warning glyphicon glyphicon-edit"
                />
</NavLink>,
              "|",
              <NavLink
                activeClassName="active"
                ariaCurrent="true"
                to="/undefined/delete/1"
>
                <span
                                className="text-danger glyphicon glyphicon-trash"
                />
</NavLink>,
            ],
          },
          "ref": null,
          "rendered": Array [
            Object {
              "instance": null,
              "key": undefined,
              "nodeType": "function",
              "props": Object {
                "activeClassName": "active",
                "ariaCurrent": "true",
                "children": <span
                  className="text-success glyphicon glyphicon-file"
/>,
                "to": "/undefined/view/1",
              },
              "ref": null,
              "rendered": Object {
                "instance": null,
                "key": undefined,
                "nodeType": "host",
                "props": Object {
                  "className": "text-success glyphicon glyphicon-file",
                },
                "ref": null,
                "rendered": null,
                "type": "span",
              },
              "type": [Function],
            },
            "|",
            Object {
              "instance": null,
              "key": undefined,
              "nodeType": "function",
              "props": Object {
                "activeClassName": "active",
                "ariaCurrent": "true",
                "children": <span
                  className="text-warning glyphicon glyphicon-edit"
/>,
                "to": "/undefined/modify/1",
              },
              "ref": null,
              "rendered": Object {
                "instance": null,
                "key": undefined,
                "nodeType": "host",
                "props": Object {
                  "className": "text-warning glyphicon glyphicon-edit",
                },
                "ref": null,
                "rendered": null,
                "type": "span",
              },
              "type": [Function],
            },
            "|",
            Object {
              "instance": null,
              "key": undefined,
              "nodeType": "function",
              "props": Object {
                "activeClassName": "active",
                "ariaCurrent": "true",
                "children": <span
                  className="text-danger glyphicon glyphicon-trash"
/>,
                "to": "/undefined/delete/1",
              },
              "ref": null,
              "rendered": Object {
                "instance": null,
                "key": undefined,
                "nodeType": "host",
                "props": Object {
                  "className": "text-danger glyphicon glyphicon-trash",
                },
                "ref": null,
                "rendered": null,
                "type": "span",
              },
              "type": [Function],
            },
          ],
          "type": "td",
        },
      ],
      "type": "tr",
    },
  ],
  Symbol(enzyme.__options__): Object {
    "adapter": ReactSixteenAdapter {
      "options": Object {
        "enableComponentDidUpdateOnSetState": true,
      },
    },
  },
}
`;
